  Determining projects to restore...
  Restored C:\code\NBatch\src\NBatch.Tests\NBatch.Tests.csproj (in 396 ms).
  Restored C:\code\NBatch\src\NBatch\NBatch.csproj (in 395 ms).
  NBatch -> C:\code\NBatch\src\NBatch\bin\Debug\net9.0\NBatch.dll
  NBatch.Tests -> C:\code\NBatch\src\NBatch.Tests\bin\Debug\net9.0\NBatch.Tests.dll
Test run for C:\code\NBatch\src\NBatch.Tests\bin\Debug\net9.0\NBatch.Tests.dll (.NETCoreApp,Version=v9.0)
VSTest version 18.0.1 (x64)

Starting test execution, please wait...
A total of 1 test files matched the specified pattern.
C:\code\NBatch\src\NBatch.Tests\bin\Debug\net9.0\NBatch.Tests.dll
NUnit Adapter 4.6.0.0: Test execution started
Running all tests in C:\code\NBatch\src\NBatch.Tests\bin\Debug\net9.0\NBatch.Tests.dll
   NUnit3TestExecutor discovered 38 of 38 NUnit test cases using Current Discovery mode, Non-Explicit run
  Passed HasNextBasedOnNumberOfItemsReceived(0,False) [6 ms]
  Passed HasNextBasedOnNumberOfItemsReceived(1,True) [< 1 ms]
  Passed HasNextIsTrueWhenInitialRun [< 1 ms]
  Passed HasNextIsTrueWhenItemSkipped [< 1 ms]
  Passed IfPreviousAttemptFailedThenItShouldRetryDuringRestart [< 1 ms]
  Passed IfPreviousAttemptWasTheFirstAttemptThenRetryFirstItem [< 1 ms]
  Passed IncrementTest [< 1 ms]
  Passed IfNoSkipPolicySpecifiedThenThrowExceptionOnFirstError [63 ms]
  Passed StepIndexNotIncrementedWhenExceptionThrownAndSkipLimitReacher [6 ms]
  Passed WhenSkippableExceptionsAreThrownItShouldProceedToTheNextChunk [4 ms]
  Passed WriterShouldBeCalledWithTheSpecifiedChunkSize(1,1) [3 ms]
  Passed WriterShouldBeCalledWithTheSpecifiedChunkSize(10,10) [1 ms]
  Passed EfJobRepository_persists_step_progress_across_runs [820 ms]
  Passed EfJobRepository_records_skip_exceptions [76 ms]
  Passed EfJobRepository_tracks_multiple_steps_independently [60 ms]
  Passed Job_restart_processes_zero_items_when_all_chunks_completed [37 ms]
  Passed Job_restart_resumes_from_failed_chunk [49 ms]
  Passed RetryPolicy_combined_with_SkipPolicy [42 ms]
  Passed RetryPolicy_does_not_retry_non_matching_exceptions [29 ms]
  Passed RetryPolicy_exhausted_throws_after_max_attempts [29 ms]
  Passed RetryPolicy_retries_transient_failures_then_succeeds [31 ms]
  Passed RetryPreviousIfFailed_backs_up_one_chunk_on_restart [45 ms]
  Passed RetryPreviousIfFailed_stays_at_zero_when_first_chunk_fails [53 ms]
  Passed RetryPreviousIfFailed_with_chunk_size_1 [53 ms]
  Passed TaskletStep_failure_does_not_block_restart [40 ms]
  Passed TaskletStep_failure_propagates_and_records_error [42 ms]
  Passed TaskletStep_success_is_recorded [34 ms]
  Passed MapperReceivesAProperlyFilledFieldSet [7 ms]
  Passed TokenizesTheDataBeforeMapping [< 1 ms]
  Passed LineMapperIsNotCalledIfItemIsNullOrEmpty [8 ms]
  Passed MapIsCalledAsManyTimesAsChunkSize(1,1) [4 ms]
  Passed MapIsCalledAsManyTimesAsChunkSize(10,10) [1 ms]
  Passed SkipsLinesForHeadersOnlyWhenReadingForFirstTime(1,9) [1 ms]
  Passed SkipsLinesForHeadersOnlyWhenReadingForFirstTime(2,8) [< 1 ms]
  Passed SkipsLinesForHeadersOnlyWhenReadingForFirstTime(0,10) [< 1 ms]
  Passed SkipsLinesForHeadersOnlyWhenReadingForFirstTime(10,0) [< 1 ms]
NUnit Adapter 4.6.0.0: Test execution complete
  Passed CallsFileServiceToWriteItemsToFile [7 ms]
  Passed CallsPropertyValueSerializerToReadAllPropValues [1 ms]

Test Run Successful.
Total tests: 38
     Passed: 38
 Total time: 2.0140 Seconds
